// Jest Snapshot v1, https://goo.gl/fbAQLP

exports[`End should match snapshot when all data is passed correctly 1`] = `
<section
  className="quiz-card"
>
  <h2
    className="correct"
  >
    Great job!
  </h2>
  <p
    className="explanation"
  >
    You've finished practicing JavaScript fundamentals ... for now.
  </p>
  <button
    className="keep-practicing"
  >
    Review again
  </button>
</section>
`;
